$ ssh -i "UdaKeyPair.pem" ec2-user@ec2-54-172-160-57.compute-1.amazonaws.com
The authenticity of host 'ec2-54-172-160-57.compute-1.amazonaws.com (54.172.160.57)' can't be established.
ECDSA key fingerprint is SHA256:7gvnlX+qwR333n5jEK/T8GcCWMeRb34x4dGbFRdqnno.
Are you sure you want to continue connecting (yes/no/[fingerprint])? yes
Warning: Permanently added 'ec2-54-172-160-57.compute-1.amazonaws.com,54.172.160.57' (ECDSA) to the list of known hosts.
   ,     #_
   ~\_  ####_        Amazon Linux 2023
  ~~  \_#####\
  ~~     \###|
  ~~       \#/ ___   https://aws.amazon.com/linux/amazon-linux-2023
   ~~       V~' '->
    ~~~         /
      ~~._.   _/
         _/ _/
       _/m/'
[ec2-user@ip-10-1-10-21 ~]$ sudo dnf install mariadb105
Last metadata expiration check: 0:05:10 ago on Sun Dec 24 12:56:22 2023.
Dependencies resolved.
======================================================================================================================================
 Package                                  Architecture         Version                                Repository                 Size
======================================================================================================================================
Installing:
 mariadb105                               x86_64               3:10.5.20-1.amzn2023.0.1               amazonlinux               1.6 M
Installing dependencies:
 mariadb-connector-c                      x86_64               3.1.13-1.amzn2023.0.3                  amazonlinux               196 k
 mariadb-connector-c-config               noarch               3.1.13-1.amzn2023.0.3                  amazonlinux               9.2 k
 mariadb105-common                        x86_64               3:10.5.20-1.amzn2023.0.1               amazonlinux                31 k
 perl-Sys-Hostname                        x86_64               1.23-477.amzn2023.0.6                  amazonlinux                18 k

Transaction Summary
======================================================================================================================================
Install  5 Packages

Total download size: 1.8 M
Installed size: 19 M
Is this ok [y/N]: yes
Downloading Packages:
(1/5): mariadb105-common-10.5.20-1.amzn2023.0.1.x86_64.rpm                                            476 kB/s |  31 kB     00:00
(2/5): mariadb-connector-c-3.1.13-1.amzn2023.0.3.x86_64.rpm                                           2.5 MB/s | 196 kB     00:00
(3/5): perl-Sys-Hostname-1.23-477.amzn2023.0.6.x86_64.rpm                                             1.2 MB/s |  18 kB     00:00
(4/5): mariadb105-10.5.20-1.amzn2023.0.1.x86_64.rpm                                                    15 MB/s | 1.6 MB     00:00
(5/5): mariadb-connector-c-config-3.1.13-1.amzn2023.0.3.noarch.rpm                                    281 kB/s | 9.2 kB     00:00
--------------------------------------------------------------------------------------------------------------------------------------
Total                                                                                                  10 MB/s | 1.8 MB     00:00
Running transaction check
Transaction check succeeded.
Running transaction test
Transaction test succeeded.
Running transaction
  Preparing        :                                                                                                              1/1
  Installing       : mariadb-connector-c-config-3.1.13-1.amzn2023.0.3.noarch                                                      1/5
  Installing       : mariadb105-common-3:10.5.20-1.amzn2023.0.1.x86_64                                                            2/5
  Installing       : mariadb-connector-c-3.1.13-1.amzn2023.0.3.x86_64                                                             3/5
  Installing       : perl-Sys-Hostname-1.23-477.amzn2023.0.6.x86_64                                                               4/5
  Installing       : mariadb105-3:10.5.20-1.amzn2023.0.1.x86_64                                                                   5/5
  Running scriptlet: mariadb105-3:10.5.20-1.amzn2023.0.1.x86_64                                                                   5/5
  Verifying        : mariadb105-common-3:10.5.20-1.amzn2023.0.1.x86_64                                                            1/5
  Verifying        : mariadb105-3:10.5.20-1.amzn2023.0.1.x86_64                                                                   2/5
  Verifying        : mariadb-connector-c-3.1.13-1.amzn2023.0.3.x86_64                                                             3/5
  Verifying        : perl-Sys-Hostname-1.23-477.amzn2023.0.6.x86_64                                                               4/5
  Verifying        : mariadb-connector-c-config-3.1.13-1.amzn2023.0.3.noarch                                                      5/5

Installed:
  mariadb-connector-c-3.1.13-1.amzn2023.0.3.x86_64               mariadb-connector-c-config-3.1.13-1.amzn2023.0.3.noarch
  mariadb105-3:10.5.20-1.amzn2023.0.1.x86_64                     mariadb105-common-3:10.5.20-1.amzn2023.0.1.x86_64
  perl-Sys-Hostname-1.23-477.amzn2023.0.6.x86_64

Complete!
[ec2-user@ip-10-1-10-21 ~]$ mysql --version
mysql  Ver 15.1 Distrib 10.5.20-MariaDB, for Linux (x86_64) using  EditLine wrapper
[ec2-user@ip-10-1-10-21 ~]$ SHOW DATABASES;
-bash: SHOW: command not found
[ec2-user@ip-10-1-10-21 ~]$ mysql -h udacity.ciuppivlkqdj.us-east-1.rds.amazonaws.com -u udacity -p
Enter password:
Welcome to the MariaDB monitor.  Commands end with ; or \g.
Your MySQL connection id is 36
Server version: 8.0.35 Source distribution

Copyright (c) 2000, 2018, Oracle, MariaDB Corporation Ab and others.

Type 'help;' or '\h' for help. Type '\c' to clear the current input statement.

MySQL [(none)]> SHOW DATABASES;
+--------------------+
| Database           |
+--------------------+
| information_schema |
| mysql              |
| performance_schema |
| sys                |
| udacity            |
+--------------------+
5 rows in set (0.011 sec)

MySQL [(none)]> USE udacity;
Database changed
MySQL [udacity]> SHOW TABLES;
Empty set (0.002 sec)

MySQL [udacity]> CREATE TABLE students (
    ->     student_id INT AUTO_INCREMENT PRIMARY KEY,
    ->     student_name VARCHAR(50),
    ->     age INT,
    ->     email VARCHAR(100),
    ->     enrollment_date TIMESTAMP DEFAULT CURRENT_TIMESTAMP
    -> );

Query OK, 0 rows affected (0.073 sec)

MySQL [udacity]>
MySQL [udacity]> SHOW TABLES;
+-------------------+
| Tables_in_udacity |
+-------------------+
| students          |
+-------------------+
1 row in set (0.002 sec)

MySQL [udacity]> DESCRIBE students;
+-----------------+--------------+------+-----+-------------------+-------------------+
| Field           | Type         | Null | Key | Default           | Extra             |
+-----------------+--------------+------+-----+-------------------+-------------------+
| student_id      | int          | NO   | PRI | NULL              | auto_increment    |
| student_name    | varchar(50)  | YES  |     | NULL              |                   |
| age             | int          | YES  |     | NULL              |                   |
| email           | varchar(100) | YES  |     | NULL              |                   |
| enrollment_date | timestamp    | YES  |     | CURRENT_TIMESTAMP | DEFAULT_GENERATED |
+-----------------+--------------+------+-----+-------------------+-------------------+
5 rows in set (0.004 sec)

MySQL [udacity]> INSERT INTO students (student_name, age, email)
    -> VALUES
    ->     ('Alice', 23, 'Alice@example.com');
Query OK, 1 row affected (0.009 sec)

MySQL [udacity]> SELECT * FROM students;
+------------+--------------+------+-------------------+---------------------+
| student_id | student_name | age  | email             | enrollment_date     |
+------------+--------------+------+-------------------+---------------------+
|          1 | Alice        |   23 | Alice@example.com | 2023-12-24 13:08:17 |
+------------+--------------+------+-------------------+---------------------+
1 row in set (0.001 sec)

MySQL [udacity]>
